FROM:2021-01-28 13:29 TO:2021-01-28 13:49
FROM:2021-01-28 13:29 TO:2021-01-28 13:43
FROM:2021-01-28 13:29 TO:2021-01-28 13:42
FROM:2021-01-28 13:29 TO:2021-01-28 13:50
FROM:2021-01-28 20:58 TO:2021-01-28 21:26
FROM:2021-01-29 18:46 TO:2021-01-29 19:02
FROM:2021-01-30 15:44 TO:2021-01-30 16:05
FROM:2021-01-30 22:18 TO:2021-01-30 22:31
FROM:2021-01-31 02:59 TO:2021-01-31 03:11
FROM:2021-01-31 04:41 TO:2021-01-31 04:53
FROM:2021-02-01 00:29 TO:2021-02-01 00:45
FROM:2021-02-01 18:45 TO:2021-02-01 19:00
FROM:2021-02-02 15:06 TO:2021-02-02 15:17
FROM:2021-02-02 17:02 TO:2021-02-02 17:09
FROM:2021-02-03 23:29 TO:2021-02-03 23:48
FROM:2021-02-04 00:46 TO:2021-02-04 00:53
FROM:2021-02-05 11:58 TO:2021-02-05 12:14
FROM:2021-02-06 13:55 TO:2021-02-06 14:19